// Jest Snapshot v1, https://goo.gl/fbAQLP

exports[`Header should render 1`] = `
{
  "asFragment": [Function],
  "baseElement": <body>
    <div>
      <div
        class="flex justify-between m-4 border-b-2 border-b-opacity-40"
      >
        <div
          class="flex sm:w-2/4"
        >
          <img
            alt="Ego Cars logo"
            class="sm:mr-20"
            data-nimg="1"
            decoding="async"
            height="40"
            loading="lazy"
            src="/ego-logo.svg"
            style="color: transparent;"
            width="38"
          />
          <div
            class="hidden sm:flex"
          >
            <div
              class="MuiTabs-root css-jhczcq-MuiTabs-root"
            >
              <div
                class="MuiTabs-scroller MuiTabs-fixed css-s2t35c-MuiTabs-scroller"
                style="overflow: hidden; margin-bottom: 0px;"
              >
                <div
                  class="MuiTabs-flexContainer css-1wxkzlj-MuiTabs-flexContainer"
                  role="tablist"
                >
                  <a
                    aria-selected="true"
                    class="MuiButtonBase-root MuiTab-root MuiTab-textColorSecondary Mui-selected css-16iolqj-MuiButtonBase-root-MuiTab-root"
                    data-testid="navigation-tab-/"
                    id="navigation-tab-/"
                    role="tab"
                    tabindex="0"
                  >
                    Modelos
                  </a>
                  <a
                    aria-selected="false"
                    class="MuiButtonBase-root MuiTab-root MuiTab-textColorSecondary css-16iolqj-MuiButtonBase-root-MuiTab-root"
                    data-testid="navigation-tab-model-sheet"
                    id="navigation-tab-model-sheet"
                    role="tab"
                    tabindex="-1"
                  >
                    Ficha de Modelo
                  </a>
                </div>
                <span
                  class="MuiTabs-indicator css-ehhs8s-MuiTabs-indicator"
                  style="left: 0px; width: 0px;"
                />
              </div>
            </div>
          </div>
        </div>
        <div>
          <div
            class="flex justify-center"
          >
            <p
              class="MuiTypography-root MuiTypography-body1 flex self-center w-3/4 css-rizt0-MuiTypography-root"
            >
              Menu
            </p>
            <button
              class="MuiButtonBase-root MuiIconButton-root MuiIconButton-sizeMedium css-53g0n7-MuiButtonBase-root-MuiIconButton-root"
              data-testid="common_menu_icon_btn"
              tabindex="0"
              type="button"
            >
              <svg
                aria-hidden="true"
                class="MuiSvgIcon-root MuiSvgIcon-fontSizeMedium css-1umw9bq-MuiSvgIcon-root"
                data-testid="MenuIcon"
                focusable="false"
                viewBox="0 0 24 24"
              >
                <path
                  d="M3 18h18v-2H3zm0-5h18v-2H3zm0-7v2h18V6z"
                />
              </svg>
            </button>
          </div>
        </div>
      </div>
    </div>
  </body>,
  "container": <div>
    <div
      class="flex justify-between m-4 border-b-2 border-b-opacity-40"
    >
      <div
        class="flex sm:w-2/4"
      >
        <img
          alt="Ego Cars logo"
          class="sm:mr-20"
          data-nimg="1"
          decoding="async"
          height="40"
          loading="lazy"
          src="/ego-logo.svg"
          style="color: transparent;"
          width="38"
        />
        <div
          class="hidden sm:flex"
        >
          <div
            class="MuiTabs-root css-jhczcq-MuiTabs-root"
          >
            <div
              class="MuiTabs-scroller MuiTabs-fixed css-s2t35c-MuiTabs-scroller"
              style="overflow: hidden; margin-bottom: 0px;"
            >
              <div
                class="MuiTabs-flexContainer css-1wxkzlj-MuiTabs-flexContainer"
                role="tablist"
              >
                <a
                  aria-selected="true"
                  class="MuiButtonBase-root MuiTab-root MuiTab-textColorSecondary Mui-selected css-16iolqj-MuiButtonBase-root-MuiTab-root"
                  data-testid="navigation-tab-/"
                  id="navigation-tab-/"
                  role="tab"
                  tabindex="0"
                >
                  Modelos
                </a>
                <a
                  aria-selected="false"
                  class="MuiButtonBase-root MuiTab-root MuiTab-textColorSecondary css-16iolqj-MuiButtonBase-root-MuiTab-root"
                  data-testid="navigation-tab-model-sheet"
                  id="navigation-tab-model-sheet"
                  role="tab"
                  tabindex="-1"
                >
                  Ficha de Modelo
                </a>
              </div>
              <span
                class="MuiTabs-indicator css-ehhs8s-MuiTabs-indicator"
                style="left: 0px; width: 0px;"
              />
            </div>
          </div>
        </div>
      </div>
      <div>
        <div
          class="flex justify-center"
        >
          <p
            class="MuiTypography-root MuiTypography-body1 flex self-center w-3/4 css-rizt0-MuiTypography-root"
          >
            Menu
          </p>
          <button
            class="MuiButtonBase-root MuiIconButton-root MuiIconButton-sizeMedium css-53g0n7-MuiButtonBase-root-MuiIconButton-root"
            data-testid="common_menu_icon_btn"
            tabindex="0"
            type="button"
          >
            <svg
              aria-hidden="true"
              class="MuiSvgIcon-root MuiSvgIcon-fontSizeMedium css-1umw9bq-MuiSvgIcon-root"
              data-testid="MenuIcon"
              focusable="false"
              viewBox="0 0 24 24"
            >
              <path
                d="M3 18h18v-2H3zm0-5h18v-2H3zm0-7v2h18V6z"
              />
            </svg>
          </button>
        </div>
      </div>
    </div>
  </div>,
  "debug": [Function],
  "findAllByAltText": [Function],
  "findAllByDisplayValue": [Function],
  "findAllByLabelText": [Function],
  "findAllByPlaceholderText": [Function],
  "findAllByRole": [Function],
  "findAllByTestId": [Function],
  "findAllByText": [Function],
  "findAllByTitle": [Function],
  "findByAltText": [Function],
  "findByDisplayValue": [Function],
  "findByLabelText": [Function],
  "findByPlaceholderText": [Function],
  "findByRole": [Function],
  "findByTestId": [Function],
  "findByText": [Function],
  "findByTitle": [Function],
  "getAllByAltText": [Function],
  "getAllByDisplayValue": [Function],
  "getAllByLabelText": [Function],
  "getAllByPlaceholderText": [Function],
  "getAllByRole": [Function],
  "getAllByTestId": [Function],
  "getAllByText": [Function],
  "getAllByTitle": [Function],
  "getByAltText": [Function],
  "getByDisplayValue": [Function],
  "getByLabelText": [Function],
  "getByPlaceholderText": [Function],
  "getByRole": [Function],
  "getByTestId": [Function],
  "getByText": [Function],
  "getByTitle": [Function],
  "queryAllByAltText": [Function],
  "queryAllByDisplayValue": [Function],
  "queryAllByLabelText": [Function],
  "queryAllByPlaceholderText": [Function],
  "queryAllByRole": [Function],
  "queryAllByTestId": [Function],
  "queryAllByText": [Function],
  "queryAllByTitle": [Function],
  "queryByAltText": [Function],
  "queryByDisplayValue": [Function],
  "queryByLabelText": [Function],
  "queryByPlaceholderText": [Function],
  "queryByRole": [Function],
  "queryByTestId": [Function],
  "queryByText": [Function],
  "queryByTitle": [Function],
  "rerender": [Function],
  "unmount": [Function],
}
`;
